exports[`test renders without crashing 1`] = `
<ul>
  <li>
    Card Name 1
  </li>
</ul>
`;
