exports[`test renders without crashing 1`] = `
<ul>
  <li>
    Spot
  </li>
</ul>
`;
